5337 'update' command document too large
